Godot Engine v4.7.2.stable.official.ed1daf0bf - https://godotengine.org
OpenGL API 3.3.0 NVIDIA 610.88 - Compatibility - Using Device: NVIDIA - NVIDIA GeForce RTX 5060

Godot_v4.7.2-stable_win64_console.exe : Unicode parsing error, some characters were replaced with ´┐¢ (U+FFFD): 
Unexpected NUL character
In C:\Users\manue\AppData\Local\Temp\ps-script-5a5e0eed-919c-4644-a983-82561443951b.ps1:103 Zeichen:116
+ ... L_PRE_APK"; & "tools\godot\Godot_v4.7.2-stable_win64_console.exe" --p ...
+                 ~~~~~~~~~~~~~~~~~~~~~~~~~~~~~~~~~~~~~~~~~~~~~~~~~~~~~~~~~
    + CategoryInfo          : NotSpecified: (Unicode parsing...d NUL character:String) [], RemoteException
    + FullyQualifiedErrorId : NativeCommandError
 
Unicode parsing error, some characters were replaced with ´┐¢ (U+FFFD): Unexpected NUL character
Unicode parsing error, some characters were replaced with ´┐¢ (U+FFFD): Unexpected NUL character
Unicode parsing error, some characters were replaced with ´┐¢ (U+FFFD): Unexpected NUL character
[VisualRuntimeQa] start full acceptance
[VisualRuntimeQa] tap determinism x3
[CORE_ANALYTICS] {"event":"test_profile_applied","payload":{"profile":"fresh"},"time_unix":1789113004.453}
[CORE_ANALYTICS] {"event":"game_start","payload":{},"time_unix":1789113005.413}
[CORE_ANALYTICS] {"event":"core_session_start","payload":{"gold":300,"monster_level":1,"save_recovered":false,"seconds_away":1,"spins":10},"time_unix":1789113005.474}
[CORE_ANALYTICS] {"event":"core_contract_pass","payload":{},"time_unix":1789113005.474}
ERROR: [P0_BOOT] Main scene setting drift: res://BootFlow.tscn
   at: push_error (core/variant/variant_utility.cpp:1023)
   GDScript backtrace (most recent call first):
       [0] complete_scene_boot (res://P0BootDiagnostics.gd:79)
       [1] _ready (res://MainGame.gd:544)
[CORE_ANALYTICS] {"event":"p0_boot_fail","payload":{"errors":["Main scene setting drift: res://BootFlow.tscn"]},"time_unix":1789113005.481}
[CORE_ANALYTICS] {"event":"first_tap","payload":{"encounter_id":"M001"},"time_unix":1789113007.539}
[CORE_ANALYTICS] {"event":"test_profile_applied","payload":{"profile":"fresh"},"time_unix":1789113007.582}
[CORE_ANALYTICS] {"event":"game_start","payload":{},"time_unix":1789113007.687}
[CORE_ANALYTICS] {"event":"core_session_start","payload":{"gold":300,"monster_level":1,"save_recovered":false,"seconds_away":0,"spins":10},"time_unix":1789113007.739}
[CORE_ANALYTICS] {"event":"core_contract_pass","payload":{},"time_unix":1789113007.739}
ERROR: [P0_BOOT] Main scene setting drift: res://BootFlow.tscn
   at: push_error (core/variant/variant_utility.cpp:1023)
   GDScript backtrace (most recent call first):
       [0] complete_scene_boot (res://P0BootDiagnostics.gd:79)
       [1] _ready (res://MainGame.gd:544)
[CORE_ANALYTICS] {"event":"p0_boot_fail","payload":{"errors":["Main scene setting drift: res://BootFlow.tscn"]},"time_unix":1789113007.745}
ERROR: Lambda capture at index 0 was freed. Passed "null" instead.
   at: call (modules/gdscript/gdscript_lambda_callable.cpp:110)
[CORE_ANALYTICS] {"event":"test_profile_applied","payload":{"profile":"fresh"},"time_unix":1789113009.56}
[CORE_ANALYTICS] {"event":"game_start","payload":{},"time_unix":1789113009.648}
[CORE_ANALYTICS] {"event":"core_session_start","payload":{"gold":300,"monster_level":1,"save_recovered":false,"seconds_away":0,"spins":10},"time_unix":1789113009.699}
[CORE_ANALYTICS] {"event":"core_contract_pass","payload":{},"time_unix":1789113009.699}
ERROR: [P0_BOOT] Main scene setting drift: res://BootFlow.tscn
   at: push_error (core/variant/variant_utility.cpp:1023)
   GDScript backtrace (most recent call first):
       [0] complete_scene_boot (res://P0BootDiagnostics.gd:79)
       [1] _ready (res://MainGame.gd:544)
[CORE_ANALYTICS] {"event":"p0_boot_fail","payload":{"errors":["Main scene setting drift: res://BootFlow.tscn"]},"time_unix":1789113009.706}
ERROR: Lambda capture at index 0 was freed. Passed "null" instead.
   at: call (modules/gdscript/gdscript_lambda_callable.cpp:110)
[VisualRuntimeQa] profile full flow 1080x2340
[CORE_ANALYTICS] {"event":"test_profile_applied","payload":{"profile":"fresh"},"time_unix":1789113012.274}
ERROR: Lambda capture at index 0 was freed. Passed "null" instead.
   at: call (modules/gdscript/gdscript_lambda_callable.cpp:110)
[CORE_ANALYTICS] {"event":"game_start","payload":{},"time_unix":1789113012.508}
[CORE_ANALYTICS] {"event":"core_session_start","payload":{"gold":300,"monster_level":1,"save_recovered":false,"seconds_away":0,"spins":10},"time_unix":1789113012.56}
[CORE_ANALYTICS] {"event":"core_contract_pass","payload":{},"time_unix":1789113012.56}
ERROR: [P0_BOOT] Main scene setting drift: res://BootFlow.tscn
   at: push_error (core/variant/variant_utility.cpp:1023)
   GDScript backtrace (most recent call first):
       [0] complete_scene_boot (res://P0BootDiagnostics.gd:79)
       [1] _ready (res://MainGame.gd:544)
[CORE_ANALYTICS] {"event":"p0_boot_fail","payload":{"errors":["Main scene setting drift: res://BootFlow.tscn"]},"time_unix":1789113012.567}
[VisualRuntimeQa] main loaded=true
[CORE_ANALYTICS] {"event":"monster_defeat","payload":{"boss":false,"config_version":"v1.81-monster-defeat-remote-authority-01","defeat_id":"defeat_1789113017_1_1","encounter_id":"M001","monster_level":1,"next_level":2,"reward_gold":50,"source":"tap"},"time_unix":1789113017.966}
[CORE_ANALYTICS] {"event":"monster_transaction_committed","payload":{"boss":false,"config_version":"v1.81-monster-defeat-remote-authority-01","defeat_id":"defeat_1789113017_1_1","defeated_level":1,"next_level":2,"source":"tap"},"time_unix":1789113017.967}
[CORE_ANALYTICS] {"event":"monster_defeat_visual","payload":{"encounter_id":"M001","state":"defeat"},"time_unix":1789113017.975}
[CORE_ANALYTICS] {"event":"monster_defeat_presented","payload":{"boss":false,"defeat_id":"defeat_1789113017_1_1","source":"tap"},"time_unix":1789113017.987}
[CORE_ANALYTICS] {"event":"wheel_open","payload":{},"time_unix":1789113021.616}
[CORE_ANALYTICS] {"event":"spin_request","payload":{"config_version":"v2.0-3reel-p0-06","presentation":"three_reel_machine","spins_after_cost":9},"time_unix":1789113022.79}
[CORE_ANALYTICS] {"event":"spin_result","payload":{"authority_request_id":"realm_spin_20178156_3330702738","authority_revision":2,"config_version":"v2.0-3reel-p0-06","payline_match":true,"reel_stop_ids":["reel_1_stop_1_gold_medium","reel_2_stop_1_gold_medium","reel_3_stop_1_gold_medium"],"reel_stops":[1,1,1],"result_id":"spin_1789113022_1_1789118409517339","reward_id":"gold_medium","reward_type":"gold","reward_value":227,"segment_id":"gold_medium","visual_seed":1789118406770392},"time_unix":1789113022.792}
[CORE_ANALYTICS] {"event":"village_open","payload":{},"time_unix":1789113023.957}
[CORE_ANALYTICS] {"event":"home_open","payload":{},"time_unix":1789113025.13}
[CORE_ANALYTICS] {"event":"feature_hub_open","payload":{"attention":3,"pending":"spin"},"time_unix":1789113025.135}
[CORE_ANALYTICS] {"event":"home_open","payload":{},"time_unix":1789113026.858}
[VisualRuntimeQa] profile main_only (1080, 2400)
[CORE_ANALYTICS] {"event":"test_profile_applied","payload":{"profile":"fresh"},"time_unix":1789113028.828}
[CORE_ANALYTICS] {"event":"game_start","payload":{},"time_unix":1789113028.937}
[CORE_ANALYTICS] {"event":"core_session_start","payload":{"gold":300,"monster_level":1,"save_recovered":false,"seconds_away":0,"spins":10},"time_unix":1789113028.992}
[CORE_ANALYTICS] {"event":"core_contract_pass","payload":{},"time_unix":1789113028.992}
[CORE_ANALYTICS] {"event":"pending_flow_resume","payload":{"count":1,"flow_version":"v1.54-runtime-flow-01","kind":"spin"},"time_unix":1789113028.998}
[CORE_ANALYTICS] {"event":"spin_presentation_resumed","payload":{"config_version":"v2.0-3reel-p0-06","reel_stop_ids":["reel_1_stop_1_gold_medium","reel_2_stop_1_gold_medium","reel_3_stop_1_gold_medium"],"result_id":"spin_1789113022_1_1789118409517339","reward_id":"gold_medium","segment_id":"gold_medium"},"time_unix":1789113029.002}
ERROR: [P0_BOOT] Main scene setting drift: res://BootFlow.tscn
   at: push_error (core/variant/variant_utility.cpp:1023)
   GDScript backtrace (most recent call first):
       [0] complete_scene_boot (res://P0BootDiagnostics.gd:79)
       [1] _ready (res://MainGame.gd:544)
[CORE_ANALYTICS] {"event":"p0_boot_fail","payload":{"errors":["Main scene setting drift: res://BootFlow.tscn"]},"time_unix":1789113029.002}
[VisualRuntimeQa] profile main_only (1080, 1920)
[CORE_ANALYTICS] {"event":"test_profile_applied","payload":{"profile":"fresh"},"time_unix":1789113033.468}
[CORE_ANALYTICS] {"event":"game_start","payload":{},"time_unix":1789113033.561}
[CORE_ANALYTICS] {"event":"core_session_start","payload":{"gold":300,"monster_level":1,"save_recovered":false,"seconds_away":0,"spins":10},"time_unix":1789113033.615}
[CORE_ANALYTICS] {"event":"core_contract_pass","payload":{},"time_unix":1789113033.615}
[CORE_ANALYTICS] {"event":"pending_flow_resume","payload":{"count":1,"flow_version":"v1.54-runtime-flow-01","kind":"spin"},"time_unix":1789113033.622}
[CORE_ANALYTICS] {"event":"spin_presentation_resumed","payload":{"config_version":"v2.0-3reel-p0-06","reel_stop_ids":["reel_1_stop_1_gold_medium","reel_2_stop_1_gold_medium","reel_3_stop_1_gold_medium"],"result_id":"spin_1789113022_1_1789118409517339","reward_id":"gold_medium","segment_id":"gold_medium"},"time_unix":1789113033.624}
ERROR: [P0_BOOT] Main scene setting drift: res://BootFlow.tscn
   at: push_error (core/variant/variant_utility.cpp:1023)
   GDScript backtrace (most recent call first):
       [0] complete_scene_boot (res://P0BootDiagnostics.gd:79)
       [1] _ready (res://MainGame.gd:544)
[CORE_ANALYTICS] {"event":"p0_boot_fail","payload":{"errors":["Main scene setting drift: res://BootFlow.tscn"]},"time_unix":1789113033.624}
[VisualRuntimeQa] profile main_only (1440, 3200)
[CORE_ANALYTICS] {"event":"test_profile_applied","payload":{"profile":"fresh"},"time_unix":1789113037.908}
[CORE_ANALYTICS] {"event":"game_start","payload":{},"time_unix":1789113038.004}
[CORE_ANALYTICS] {"event":"core_session_start","payload":{"gold":300,"monster_level":1,"save_recovered":false,"seconds_away":1,"spins":10},"time_unix":1789113038.056}
[CORE_ANALYTICS] {"event":"core_contract_pass","payload":{},"time_unix":1789113038.058}
[CORE_ANALYTICS] {"event":"pending_flow_resume","payload":{"count":1,"flow_version":"v1.54-runtime-flow-01","kind":"spin"},"time_unix":1789113038.064}
[CORE_ANALYTICS] {"event":"spin_presentation_resumed","payload":{"config_version":"v2.0-3reel-p0-06","reel_stop_ids":["reel_1_stop_1_gold_medium","reel_2_stop_1_gold_medium","reel_3_stop_1_gold_medium"],"result_id":"spin_1789113022_1_1789118409517339","reward_id":"gold_medium","segment_id":"gold_medium"},"time_unix":1789113038.067}
ERROR: [P0_BOOT] Main scene setting drift: res://BootFlow.tscn
   at: push_error (core/variant/variant_utility.cpp:1023)
   GDScript backtrace (most recent call first):
       [0] complete_scene_boot (res://P0BootDiagnostics.gd:79)
       [1] _ready (res://MainGame.gd:544)
[CORE_ANALYTICS] {"event":"p0_boot_fail","payload":{"errors":["Main scene setting drift: res://BootFlow.tscn"]},"time_unix":1789113038.067}
[VisualRuntimeQa] regression
[CORE_ANALYTICS] {"event":"test_profile_applied","payload":{"profile":"fresh"},"time_unix":1789113042.726}
[CORE_ANALYTICS] {"event":"game_start","payload":{},"time_unix":1789113042.821}
[CORE_ANALYTICS] {"event":"core_session_start","payload":{"gold":300,"monster_level":1,"save_recovered":false,"seconds_away":0,"spins":10},"time_unix":1789113042.873}
[CORE_ANALYTICS] {"event":"core_contract_pass","payload":{},"time_unix":1789113042.873}
[CORE_ANALYTICS] {"event":"pending_flow_resume","payload":{"count":1,"flow_version":"v1.54-runtime-flow-01","kind":"spin"},"time_unix":1789113042.879}
[CORE_ANALYTICS] {"event":"spin_presentation_resumed","payload":{"config_version":"v2.0-3reel-p0-06","reel_stop_ids":["reel_1_stop_1_gold_medium","reel_2_stop_1_gold_medium","reel_3_stop_1_gold_medium"],"result_id":"spin_1789113022_1_1789118409517339","reward_id":"gold_medium","segment_id":"gold_medium"},"time_unix":1789113042.882}
ERROR: [P0_BOOT] Main scene setting drift: res://BootFlow.tscn
   at: push_error (core/variant/variant_utility.cpp:1023)
   GDScript backtrace (most recent call first):
       [0] complete_scene_boot (res://P0BootDiagnostics.gd:79)
       [1] _ready (res://MainGame.gd:544)
[CORE_ANALYTICS] {"event":"p0_boot_fail","payload":{"errors":["Main scene setting drift: res://BootFlow.tscn"]},"time_unix":1789113042.883}
[CORE_ANALYTICS] {"event":"wheel_open","payload":{},"time_unix":1789113044.679}
[CORE_ANALYTICS] {"event":"spin_request","payload":{"config_version":"v2.0-3reel-p0-06","presentation":"three_reel_machine","spins_after_cost":9},"time_unix":1789113044.687}
[CORE_ANALYTICS] {"event":"spin_result","payload":{"authority_request_id":"realm_spin_42075554_3224617351","authority_revision":3,"config_version":"v2.0-3reel-p0-06","payline_match":true,"reel_stop_ids":["reel_1_stop_0_gold_small","reel_2_stop_0_gold_small","reel_3_stop_0_gold_small"],"reel_stops":[0,0,0],"result_id":"spin_1789113044_2_1789118453414891","reward_id":"gold_small","reward_type":"gold","reward_value":137,"segment_id":"gold_small","visual_seed":1789118450920488},"time_unix":1789113044.689}
{"elapsed_sec":40.378,"status":"PASS","tap":{"pass":true,"pass_count":3,"required":3,"runs":[{"hp_after":90,"hp_before":100,"monster_max_hp":100,"pass":true,"reason":"","run":1},{"hp_after":90,"hp_before":100,"monster_max_hp":100,"pass":true,"reason":"","run":2},{"hp_after":89,"hp_before":100,"monster_max_hp":100,"pass":true,"reason":"","run":3}]}}
